/var/tmp/snekql-410/design/mariadb-wrong-null_default.py
  /var/tmp/snekql-410/design/mariadb-wrong-null_default.py:18:57 - error: Type "FKAttr[Any, Any, _UnboundOwner, int | None, int | None, Other[Pending], int | None, Any]" is not assignable to declared type "FKCol[Account[Pending], int | None]"
    "FKAttr[Any, Any, _UnboundOwner, int | None, int | None, Other[Pending], int | None, Any]" is not assignable to "FKAttr[Table[Pending], Table[Fetched], _UnboundOwner, int | None, int | None, Account[Pending], int | None, Any]"
      Type parameter "TargetOwnerT@FKAttr" is invariant, but "Other[Pending]" is not the same as "Account[Pending]" (reportAssignmentType)
/var/tmp/snekql-410/design/mariadb-wrong-nullable_required.py
  /var/tmp/snekql-410/design/mariadb-wrong-nullable_required.py:17:62 - error: Type "FKAttr[Any, Any, _UnboundOwner, int | None, int | None, Other[Pending], int | None, Any]" is not assignable to declared type "FKCol[Account[Pending], int | None]"
    "FKAttr[Any, Any, _UnboundOwner, int | None, int | None, Other[Pending], int | None, Any]" is not assignable to "FKAttr[Table[Pending], Table[Fetched], _UnboundOwner, int | None, int | None, Account[Pending], int | None, Any]"
      Type parameter "TargetOwnerT@FKAttr" is invariant, but "Other[Pending]" is not the same as "Account[Pending]" (reportAssignmentType)
/var/tmp/snekql-410/design/mariadb-wrong-nullable_value_default.py
  /var/tmp/snekql-410/design/mariadb-wrong-nullable_value_default.py:20:67 - error: Type "FKAttr[Any, Any, _UnboundOwner, int | None, int | None, Other[Pending], int | None, Any]" is not assignable to declared type "FKCol[Account[Pending], int | None]"
    "FKAttr[Any, Any, _UnboundOwner, int | None, int | None, Other[Pending], int | None, Any]" is not assignable to "FKAttr[Table[Pending], Table[Fetched], _UnboundOwner, int | None, int | None, Account[Pending], int | None, Any]"
      Type parameter "TargetOwnerT@FKAttr" is invariant, but "Other[Pending]" is not the same as "Account[Pending]" (reportAssignmentType)
/var/tmp/snekql-410/design/mariadb-wrong-required.py
  /var/tmp/snekql-410/design/mariadb-wrong-required.py:16:46 - error: Type "FKAttr[Any, Any, _UnboundOwner, int, int, Other[Pending], int, Any]" is not assignable to declared type "FKCol[Account[Pending], int]"
    "FKAttr[Any, Any, _UnboundOwner, int, int, Other[Pending], int, Any]" is not assignable to "FKAttr[Table[Pending], Table[Fetched], _UnboundOwner, int, int, Account[Pending], int, Any]"
      Type parameter "TargetOwnerT@FKAttr" is invariant, but "Other[Pending]" is not the same as "Account[Pending]" (reportAssignmentType)
/var/tmp/snekql-410/design/mariadb-wrong-value_default.py
  /var/tmp/snekql-410/design/mariadb-wrong-value_default.py:19:51 - error: Type "FKAttr[Any, Any, _UnboundOwner, int, int, Other[Pending], int, Any]" is not assignable to declared type "FKCol[Account[Pending], int]"
    "FKAttr[Any, Any, _UnboundOwner, int, int, Other[Pending], int, Any]" is not assignable to "FKAttr[Table[Pending], Table[Fetched], _UnboundOwner, int, int, Account[Pending], int, Any]"
      Type parameter "TargetOwnerT@FKAttr" is invariant, but "Other[Pending]" is not the same as "Account[Pending]" (reportAssignmentType)
/var/tmp/snekql-410/design/sqlite-wrong-null_default.py
  /var/tmp/snekql-410/design/sqlite-wrong-null_default.py:18:57 - error: Type "FKAttr[Any, Any, _UnboundOwner, int | None, int | None, Other[Pending], int | None, Any]" is not assignable to declared type "FKCol[Account[Pending], int | None]"
    "FKAttr[Any, Any, _UnboundOwner, int | None, int | None, Other[Pending], int | None, Any]" is not assignable to "FKAttr[Table[Pending], Table[Fetched], _UnboundOwner, int | None, int | None, Account[Pending], int | None, Any]"
      Type parameter "TargetOwnerT@FKAttr" is invariant, but "Other[Pending]" is not the same as "Account[Pending]" (reportAssignmentType)
/var/tmp/snekql-410/design/sqlite-wrong-nullable_required.py
  /var/tmp/snekql-410/design/sqlite-wrong-nullable_required.py:17:62 - error: Type "FKAttr[Any, Any, _UnboundOwner, int | None, int | None, Other[Pending], int | None, Any]" is not assignable to declared type "FKCol[Account[Pending], int | None]"
    "FKAttr[Any, Any, _UnboundOwner, int | None, int | None, Other[Pending], int | None, Any]" is not assignable to "FKAttr[Table[Pending], Table[Fetched], _UnboundOwner, int | None, int | None, Account[Pending], int | None, Any]"
      Type parameter "TargetOwnerT@FKAttr" is invariant, but "Other[Pending]" is not the same as "Account[Pending]" (reportAssignmentType)
/var/tmp/snekql-410/design/sqlite-wrong-nullable_value_default.py
  /var/tmp/snekql-410/design/sqlite-wrong-nullable_value_default.py:20:67 - error: Type "FKAttr[Any, Any, _UnboundOwner, int | None, int | None, Other[Pending], int | None, Any]" is not assignable to declared type "FKCol[Account[Pending], int | None]"
    "FKAttr[Any, Any, _UnboundOwner, int | None, int | None, Other[Pending], int | None, Any]" is not assignable to "FKAttr[Table[Pending], Table[Fetched], _UnboundOwner, int | None, int | None, Account[Pending], int | None, Any]"
      Type parameter "TargetOwnerT@FKAttr" is invariant, but "Other[Pending]" is not the same as "Account[Pending]" (reportAssignmentType)
/var/tmp/snekql-410/design/sqlite-wrong-required.py
  /var/tmp/snekql-410/design/sqlite-wrong-required.py:16:46 - error: Type "FKAttr[Any, Any, _UnboundOwner, int, int, Other[Pending], int, Any]" is not assignable to declared type "FKCol[Account[Pending], int]"
    "FKAttr[Any, Any, _UnboundOwner, int, int, Other[Pending], int, Any]" is not assignable to "FKAttr[Table[Pending], Table[Fetched], _UnboundOwner, int, int, Account[Pending], int, Any]"
      Type parameter "TargetOwnerT@FKAttr" is invariant, but "Other[Pending]" is not the same as "Account[Pending]" (reportAssignmentType)
/var/tmp/snekql-410/design/sqlite-wrong-value_default.py
  /var/tmp/snekql-410/design/sqlite-wrong-value_default.py:19:51 - error: Type "FKAttr[Any, Any, _UnboundOwner, int, int, Other[Pending], int, Any]" is not assignable to declared type "FKCol[Account[Pending], int]"
    "FKAttr[Any, Any, _UnboundOwner, int, int, Other[Pending], int, Any]" is not assignable to "FKAttr[Table[Pending], Table[Fetched], _UnboundOwner, int, int, Account[Pending], int, Any]"
      Type parameter "TargetOwnerT@FKAttr" is invariant, but "Other[Pending]" is not the same as "Account[Pending]" (reportAssignmentType)
10 errors, 0 warnings, 0 informations
